{"run_id":"1761691890-590891511","line":460,"new":{"module_name":"singularity_code_analysis__metrics__cyclomatic__tests","snapshot_name":"c_unit_after","metadata":{"source":"packages/singularity-code-analysis/src/metrics/cyclomatic.rs","assertion_line":460,"expression":"metric.cyclomatic"},"snapshot":"{\n  \"sum\": 0.0,\n  \"average\": 0.0,\n  \"min\": 179769313486231570000000000000000000000000000000000000000000000000000000000000000000000000000000000000000000000000000000000000000000000000000000000000000000000000000000000000000000000000000000000000000000000000000000000000000000000000000000000000000000000000000000000000000000000000000000000000000000000000000.0,\n  \"max\": 0.0\n}"},"old":{"module_name":"singularity_code_analysis__metrics__cyclomatic__tests","metadata":{},"snapshot":"{\n  \"sum\": 7.0,\n  \"average\": 3.5,\n  \"min\": 3.0,\n  \"max\": 4.0\n}"}}
{"run_id":"1761691890-590891511","line":340,"new":{"module_name":"singularity_code_analysis__metrics__cyclomatic__tests","snapshot_name":"c_switch","metadata":{"source":"packages/singularity-code-analysis/src/metrics/cyclomatic.rs","assertion_line":340,"expression":"metric.cyclomatic"},"snapshot":"{\n  \"sum\": 0.0,\n  \"average\": 0.0,\n  \"min\": 179769313486231570000000000000000000000000000000000000000000000000000000000000000000000000000000000000000000000000000000000000000000000000000000000000000000000000000000000000000000000000000000000000000000000000000000000000000000000000000000000000000000000000000000000000000000000000000000000000000000000000000.0,\n  \"max\": 0.0\n}"},"old":{"module_name":"singularity_code_analysis__metrics__cyclomatic__tests","metadata":{},"snapshot":"{\n  \"sum\": 5.0,\n  \"average\": 2.5,\n  \"min\": 1.0,\n  \"max\": 4.0\n}"}}
{"run_id":"1761691890-590891511","line":304,"new":{"module_name":"singularity_code_analysis__metrics__cyclomatic__tests","snapshot_name":"rust_1_level_nesting","metadata":{"source":"packages/singularity-code-analysis/src/metrics/cyclomatic.rs","assertion_line":304,"expression":"metric.cyclomatic"},"snapshot":"{\n  \"sum\": 0.0,\n  \"average\": 0.0,\n  \"min\": 179769313486231570000000000000000000000000000000000000000000000000000000000000000000000000000000000000000000000000000000000000000000000000000000000000000000000000000000000000000000000000000000000000000000000000000000000000000000000000000000000000000000000000000000000000000000000000000000000000000000000000000.0,\n  \"max\": 0.0\n}"},"old":{"module_name":"singularity_code_analysis__metrics__cyclomatic__tests","metadata":{},"snapshot":"{\n  \"sum\": 5.0,\n  \"average\": 2.5,\n  \"min\": 1.0,\n  \"max\": 4.0\n}"}}
{"run_id":"1761691890-590891511","line":414,"new":{"module_name":"singularity_code_analysis__metrics__cyclomatic__tests","snapshot_name":"c_unit_before","metadata":{"source":"packages/singularity-code-analysis/src/metrics/cyclomatic.rs","assertion_line":414,"expression":"metric.cyclomatic"},"snapshot":"{\n  \"sum\": 0.0,\n  \"average\": 0.0,\n  \"min\": 179769313486231570000000000000000000000000000000000000000000000000000000000000000000000000000000000000000000000000000000000000000000000000000000000000000000000000000000000000000000000000000000000000000000000000000000000000000000000000000000000000000000000000000000000000000000000000000000000000000000000000000.0,\n  \"max\": 0.0\n}"},"old":{"module_name":"singularity_code_analysis__metrics__cyclomatic__tests","metadata":{},"snapshot":"{\n  \"sum\": 7.0,\n  \"average\": 3.5,\n  \"min\": 3.0,\n  \"max\": 4.0\n}"}}
{"run_id":"1761691890-590891511","line":372,"new":{"module_name":"singularity_code_analysis__metrics__cyclomatic__tests","snapshot_name":"c_real_function","metadata":{"source":"packages/singularity-code-analysis/src/metrics/cyclomatic.rs","assertion_line":372,"expression":"metric.cyclomatic"},"snapshot":"{\n  \"sum\": 0.0,\n  \"average\": 0.0,\n  \"min\": 179769313486231570000000000000000000000000000000000000000000000000000000000000000000000000000000000000000000000000000000000000000000000000000000000000000000000000000000000000000000000000000000000000000000000000000000000000000000000000000000000000000000000000000000000000000000000000000000000000000000000000000.0,\n  \"max\": 0.0\n}"},"old":{"module_name":"singularity_code_analysis__metrics__cyclomatic__tests","metadata":{},"snapshot":"{\n  \"sum\": 5.0,\n  \"average\": 2.5,\n  \"min\": 1.0,\n  \"max\": 4.0\n}"}}
{"run_id":"1761694902-501238837","line":660,"new":null,"old":null}
{"run_id":"1761694902-501238837","line":612,"new":null,"old":null}
{"run_id":"1761694902-501238837","line":337,"new":null,"old":null}
{"run_id":"1761694902-501238837","line":313,"new":null,"old":null}
{"run_id":"1761694902-501238837","line":559,"new":null,"old":null}
{"run_id":"1761694902-501238837","line":433,"new":{"module_name":"singularity_code_analysis__metrics__cyclomatic__tests","snapshot_name":"c_real_function","metadata":{"source":"packages/singularity-code-analysis/src/metrics/cyclomatic.rs","assertion_line":433,"expression":"metric.cyclomatic"},"snapshot":"{\n  \"sum\": 0.0,\n  \"average\": 0.0,\n  \"min\": 179769313486231570000000000000000000000000000000000000000000000000000000000000000000000000000000000000000000000000000000000000000000000000000000000000000000000000000000000000000000000000000000000000000000000000000000000000000000000000000000000000000000000000000000000000000000000000000000000000000000000000000.0,\n  \"max\": 0.0\n}"},"old":{"module_name":"singularity_code_analysis__metrics__cyclomatic__tests","metadata":{},"snapshot":"{\n  \"sum\": 5.0,\n  \"average\": 2.5,\n  \"min\": 1.0,\n  \"max\": 4.0\n}"}}
{"run_id":"1761694902-501238837","line":521,"new":{"module_name":"singularity_code_analysis__metrics__cyclomatic__tests","snapshot_name":"c_unit_after","metadata":{"source":"packages/singularity-code-analysis/src/metrics/cyclomatic.rs","assertion_line":521,"expression":"metric.cyclomatic"},"snapshot":"{\n  \"sum\": 0.0,\n  \"average\": 0.0,\n  \"min\": 179769313486231570000000000000000000000000000000000000000000000000000000000000000000000000000000000000000000000000000000000000000000000000000000000000000000000000000000000000000000000000000000000000000000000000000000000000000000000000000000000000000000000000000000000000000000000000000000000000000000000000000.0,\n  \"max\": 0.0\n}"},"old":{"module_name":"singularity_code_analysis__metrics__cyclomatic__tests","metadata":{},"snapshot":"{\n  \"sum\": 7.0,\n  \"average\": 3.5,\n  \"min\": 3.0,\n  \"max\": 4.0\n}"}}
{"run_id":"1761694902-501238837","line":365,"new":{"module_name":"singularity_code_analysis__metrics__cyclomatic__tests","snapshot_name":"rust_1_level_nesting","metadata":{"source":"packages/singularity-code-analysis/src/metrics/cyclomatic.rs","assertion_line":365,"expression":"metric.cyclomatic"},"snapshot":"{\n  \"sum\": 2.0,\n  \"average\": 2.0,\n  \"min\": 2.0,\n  \"max\": 2.0\n}"},"old":{"module_name":"singularity_code_analysis__metrics__cyclomatic__tests","metadata":{},"snapshot":"{\n  \"sum\": 5.0,\n  \"average\": 2.5,\n  \"min\": 1.0,\n  \"max\": 4.0\n}"}}
{"run_id":"1761694902-501238837","line":475,"new":{"module_name":"singularity_code_analysis__metrics__cyclomatic__tests","snapshot_name":"c_unit_before","metadata":{"source":"packages/singularity-code-analysis/src/metrics/cyclomatic.rs","assertion_line":475,"expression":"metric.cyclomatic"},"snapshot":"{\n  \"sum\": 0.0,\n  \"average\": 0.0,\n  \"min\": 179769313486231570000000000000000000000000000000000000000000000000000000000000000000000000000000000000000000000000000000000000000000000000000000000000000000000000000000000000000000000000000000000000000000000000000000000000000000000000000000000000000000000000000000000000000000000000000000000000000000000000000.0,\n  \"max\": 0.0\n}"},"old":{"module_name":"singularity_code_analysis__metrics__cyclomatic__tests","metadata":{},"snapshot":"{\n  \"sum\": 7.0,\n  \"average\": 3.5,\n  \"min\": 3.0,\n  \"max\": 4.0\n}"}}
{"run_id":"1761694902-501238837","line":401,"new":{"module_name":"singularity_code_analysis__metrics__cyclomatic__tests","snapshot_name":"c_switch","metadata":{"source":"packages/singularity-code-analysis/src/metrics/cyclomatic.rs","assertion_line":401,"expression":"metric.cyclomatic"},"snapshot":"{\n  \"sum\": 0.0,\n  \"average\": 0.0,\n  \"min\": 179769313486231570000000000000000000000000000000000000000000000000000000000000000000000000000000000000000000000000000000000000000000000000000000000000000000000000000000000000000000000000000000000000000000000000000000000000000000000000000000000000000000000000000000000000000000000000000000000000000000000000000.0,\n  \"max\": 0.0\n}"},"old":{"module_name":"singularity_code_analysis__metrics__cyclomatic__tests","metadata":{},"snapshot":"{\n  \"sum\": 5.0,\n  \"average\": 2.5,\n  \"min\": 1.0,\n  \"max\": 4.0\n}"}}
{"run_id":"1761694917-904262134","line":660,"new":null,"old":null}
{"run_id":"1761694917-904262134","line":612,"new":null,"old":null}
{"run_id":"1761694917-904262134","line":559,"new":null,"old":null}
{"run_id":"1761694917-904262134","line":337,"new":null,"old":null}
{"run_id":"1761694917-904262134","line":313,"new":null,"old":null}
{"run_id":"1761694917-904262134","line":433,"new":{"module_name":"singularity_code_analysis__metrics__cyclomatic__tests","snapshot_name":"c_real_function","metadata":{"source":"packages/singularity-code-analysis/src/metrics/cyclomatic.rs","assertion_line":433,"expression":"metric.cyclomatic"},"snapshot":"{\n  \"sum\": 0.0,\n  \"average\": 0.0,\n  \"min\": 179769313486231570000000000000000000000000000000000000000000000000000000000000000000000000000000000000000000000000000000000000000000000000000000000000000000000000000000000000000000000000000000000000000000000000000000000000000000000000000000000000000000000000000000000000000000000000000000000000000000000000000.0,\n  \"max\": 0.0\n}"},"old":{"module_name":"singularity_code_analysis__metrics__cyclomatic__tests","metadata":{},"snapshot":"{\n  \"sum\": 5.0,\n  \"average\": 2.5,\n  \"min\": 1.0,\n  \"max\": 4.0\n}"}}
{"run_id":"1761694917-904262134","line":401,"new":{"module_name":"singularity_code_analysis__metrics__cyclomatic__tests","snapshot_name":"c_switch","metadata":{"source":"packages/singularity-code-analysis/src/metrics/cyclomatic.rs","assertion_line":401,"expression":"metric.cyclomatic"},"snapshot":"{\n  \"sum\": 0.0,\n  \"average\": 0.0,\n  \"min\": 179769313486231570000000000000000000000000000000000000000000000000000000000000000000000000000000000000000000000000000000000000000000000000000000000000000000000000000000000000000000000000000000000000000000000000000000000000000000000000000000000000000000000000000000000000000000000000000000000000000000000000000.0,\n  \"max\": 0.0\n}"},"old":{"module_name":"singularity_code_analysis__metrics__cyclomatic__tests","metadata":{},"snapshot":"{\n  \"sum\": 5.0,\n  \"average\": 2.5,\n  \"min\": 1.0,\n  \"max\": 4.0\n}"}}
{"run_id":"1761694917-904262134","line":475,"new":{"module_name":"singularity_code_analysis__metrics__cyclomatic__tests","snapshot_name":"c_unit_before","metadata":{"source":"packages/singularity-code-analysis/src/metrics/cyclomatic.rs","assertion_line":475,"expression":"metric.cyclomatic"},"snapshot":"{\n  \"sum\": 0.0,\n  \"average\": 0.0,\n  \"min\": 179769313486231570000000000000000000000000000000000000000000000000000000000000000000000000000000000000000000000000000000000000000000000000000000000000000000000000000000000000000000000000000000000000000000000000000000000000000000000000000000000000000000000000000000000000000000000000000000000000000000000000000.0,\n  \"max\": 0.0\n}"},"old":{"module_name":"singularity_code_analysis__metrics__cyclomatic__tests","metadata":{},"snapshot":"{\n  \"sum\": 7.0,\n  \"average\": 3.5,\n  \"min\": 3.0,\n  \"max\": 4.0\n}"}}
{"run_id":"1761694917-904262134","line":365,"new":{"module_name":"singularity_code_analysis__metrics__cyclomatic__tests","snapshot_name":"rust_1_level_nesting","metadata":{"source":"packages/singularity-code-analysis/src/metrics/cyclomatic.rs","assertion_line":365,"expression":"metric.cyclomatic"},"snapshot":"{\n  \"sum\": 2.0,\n  \"average\": 2.0,\n  \"min\": 2.0,\n  \"max\": 2.0\n}"},"old":{"module_name":"singularity_code_analysis__metrics__cyclomatic__tests","metadata":{},"snapshot":"{\n  \"sum\": 5.0,\n  \"average\": 2.5,\n  \"min\": 1.0,\n  \"max\": 4.0\n}"}}
{"run_id":"1761694917-904262134","line":521,"new":{"module_name":"singularity_code_analysis__metrics__cyclomatic__tests","snapshot_name":"c_unit_after","metadata":{"source":"packages/singularity-code-analysis/src/metrics/cyclomatic.rs","assertion_line":521,"expression":"metric.cyclomatic"},"snapshot":"{\n  \"sum\": 0.0,\n  \"average\": 0.0,\n  \"min\": 179769313486231570000000000000000000000000000000000000000000000000000000000000000000000000000000000000000000000000000000000000000000000000000000000000000000000000000000000000000000000000000000000000000000000000000000000000000000000000000000000000000000000000000000000000000000000000000000000000000000000000000.0,\n  \"max\": 0.0\n}"},"old":{"module_name":"singularity_code_analysis__metrics__cyclomatic__tests","metadata":{},"snapshot":"{\n  \"sum\": 7.0,\n  \"average\": 3.5,\n  \"min\": 3.0,\n  \"max\": 4.0\n}"}}
{"run_id":"1761694923-945243395","line":660,"new":null,"old":null}
{"run_id":"1761694923-945243395","line":612,"new":null,"old":null}
{"run_id":"1761694923-945243395","line":559,"new":null,"old":null}
{"run_id":"1761694923-945243395","line":337,"new":null,"old":null}
{"run_id":"1761694923-945243395","line":313,"new":null,"old":null}
{"run_id":"1761694923-945243395","line":401,"new":{"module_name":"singularity_code_analysis__metrics__cyclomatic__tests","snapshot_name":"c_switch","metadata":{"source":"packages/singularity-code-analysis/src/metrics/cyclomatic.rs","assertion_line":401,"expression":"metric.cyclomatic"},"snapshot":"{\n  \"sum\": 0.0,\n  \"average\": 0.0,\n  \"min\": 179769313486231570000000000000000000000000000000000000000000000000000000000000000000000000000000000000000000000000000000000000000000000000000000000000000000000000000000000000000000000000000000000000000000000000000000000000000000000000000000000000000000000000000000000000000000000000000000000000000000000000000.0,\n  \"max\": 0.0\n}"},"old":{"module_name":"singularity_code_analysis__metrics__cyclomatic__tests","metadata":{},"snapshot":"{\n  \"sum\": 5.0,\n  \"average\": 2.5,\n  \"min\": 1.0,\n  \"max\": 4.0\n}"}}
{"run_id":"1761694923-945243395","line":521,"new":{"module_name":"singularity_code_analysis__metrics__cyclomatic__tests","snapshot_name":"c_unit_after","metadata":{"source":"packages/singularity-code-analysis/src/metrics/cyclomatic.rs","assertion_line":521,"expression":"metric.cyclomatic"},"snapshot":"{\n  \"sum\": 0.0,\n  \"average\": 0.0,\n  \"min\": 179769313486231570000000000000000000000000000000000000000000000000000000000000000000000000000000000000000000000000000000000000000000000000000000000000000000000000000000000000000000000000000000000000000000000000000000000000000000000000000000000000000000000000000000000000000000000000000000000000000000000000000.0,\n  \"max\": 0.0\n}"},"old":{"module_name":"singularity_code_analysis__metrics__cyclomatic__tests","metadata":{},"snapshot":"{\n  \"sum\": 7.0,\n  \"average\": 3.5,\n  \"min\": 3.0,\n  \"max\": 4.0\n}"}}
{"run_id":"1761694923-945243395","line":475,"new":{"module_name":"singularity_code_analysis__metrics__cyclomatic__tests","snapshot_name":"c_unit_before","metadata":{"source":"packages/singularity-code-analysis/src/metrics/cyclomatic.rs","assertion_line":475,"expression":"metric.cyclomatic"},"snapshot":"{\n  \"sum\": 0.0,\n  \"average\": 0.0,\n  \"min\": 179769313486231570000000000000000000000000000000000000000000000000000000000000000000000000000000000000000000000000000000000000000000000000000000000000000000000000000000000000000000000000000000000000000000000000000000000000000000000000000000000000000000000000000000000000000000000000000000000000000000000000000.0,\n  \"max\": 0.0\n}"},"old":{"module_name":"singularity_code_analysis__metrics__cyclomatic__tests","metadata":{},"snapshot":"{\n  \"sum\": 7.0,\n  \"average\": 3.5,\n  \"min\": 3.0,\n  \"max\": 4.0\n}"}}
{"run_id":"1761694923-945243395","line":433,"new":{"module_name":"singularity_code_analysis__metrics__cyclomatic__tests","snapshot_name":"c_real_function","metadata":{"source":"packages/singularity-code-analysis/src/metrics/cyclomatic.rs","assertion_line":433,"expression":"metric.cyclomatic"},"snapshot":"{\n  \"sum\": 0.0,\n  \"average\": 0.0,\n  \"min\": 179769313486231570000000000000000000000000000000000000000000000000000000000000000000000000000000000000000000000000000000000000000000000000000000000000000000000000000000000000000000000000000000000000000000000000000000000000000000000000000000000000000000000000000000000000000000000000000000000000000000000000000.0,\n  \"max\": 0.0\n}"},"old":{"module_name":"singularity_code_analysis__metrics__cyclomatic__tests","metadata":{},"snapshot":"{\n  \"sum\": 5.0,\n  \"average\": 2.5,\n  \"min\": 1.0,\n  \"max\": 4.0\n}"}}
{"run_id":"1761694923-945243395","line":365,"new":{"module_name":"singularity_code_analysis__metrics__cyclomatic__tests","snapshot_name":"rust_1_level_nesting","metadata":{"source":"packages/singularity-code-analysis/src/metrics/cyclomatic.rs","assertion_line":365,"expression":"metric.cyclomatic"},"snapshot":"{\n  \"sum\": 2.0,\n  \"average\": 2.0,\n  \"min\": 2.0,\n  \"max\": 2.0\n}"},"old":{"module_name":"singularity_code_analysis__metrics__cyclomatic__tests","metadata":{},"snapshot":"{\n  \"sum\": 5.0,\n  \"average\": 2.5,\n  \"min\": 1.0,\n  \"max\": 4.0\n}"}}
