{"run_id":"1761690450-858526232","line":456,"new":{"module_name":"singularity_code_analysis__metrics__halstead__tests","snapshot_name":"javascript_operators_and_operands","metadata":{"source":"packages/singularity-code-analysis/src/metrics/halstead.rs","assertion_line":456,"expression":"metric.halstead"},"snapshot":"{\n  \"n1\": 10.0,\n  \"N1\": 26.0,\n  \"n2\": 6.0,\n  \"N2\": 14.0,\n  \"length\": 40.0,\n  \"estimated_program_length\": 48.72905595320056,\n  \"purity_ratio\": 1.218226398830014,\n  \"vocabulary\": 16.0,\n  \"volume\": 160.0,\n  \"difficulty\": 11.666666666666666,\n  \"level\": 0.08571428571428572,\n  \"effort\": 1866.6666666666665,\n  \"time\": 103.7037037037037,\n  \"bugs\": 0.050534727339581954\n}"},"old":{"module_name":"singularity_code_analysis__metrics__halstead__tests","metadata":{},"snapshot":"{\n  \"n1\": 10.0,\n  \"N1\": 24.0,\n  \"n2\": 11.0,\n  \"N2\": 21.0,\n  \"length\": 45.0,\n  \"estimated_program_length\": 71.27302875388389,\n  \"purity_ratio\": 1.583845083419642,\n  \"vocabulary\": 21.0,\n  \"volume\": 197.65428402504423,\n  \"difficulty\": 9.545454545454545,\n  \"level\": 0.10476190476190476,\n  \"effort\": 1886.699983875422,\n  \"time\": 104.81666577085679,\n  \"bugs\": 0.05089564733125986\n}"}}
{"run_id":"1761690450-858526232","line":493,"new":{"module_name":"singularity_code_analysis__metrics__halstead__tests","snapshot_name":"mozjs_operators_and_operands","metadata":{"source":"packages/singularity-code-analysis/src/metrics/halstead.rs","assertion_line":493,"expression":"metric.halstead"},"snapshot":"{\n  \"n1\": 10.0,\n  \"N1\": 26.0,\n  \"n2\": 6.0,\n  \"N2\": 14.0,\n  \"length\": 40.0,\n  \"estimated_program_length\": 48.72905595320056,\n  \"purity_ratio\": 1.218226398830014,\n  \"vocabulary\": 16.0,\n  \"volume\": 160.0,\n  \"difficulty\": 11.666666666666666,\n  \"level\": 0.08571428571428572,\n  \"effort\": 1866.6666666666665,\n  \"time\": 103.7037037037037,\n  \"bugs\": 0.050534727339581954\n}"},"old":{"module_name":"singularity_code_analysis__metrics__halstead__tests","metadata":{},"snapshot":"{\n  \"n1\": 10.0,\n  \"N1\": 24.0,\n  \"n2\": 11.0,\n  \"N2\": 21.0,\n  \"length\": 45.0,\n  \"estimated_program_length\": 71.27302875388389,\n  \"purity_ratio\": 1.583845083419642,\n  \"vocabulary\": 21.0,\n  \"volume\": 197.65428402504423,\n  \"difficulty\": 9.545454545454545,\n  \"level\": 0.10476190476190476,\n  \"effort\": 1886.699983875422,\n  \"time\": 104.81666577085679,\n  \"bugs\": 0.05089564733125986\n}"}}
{"run_id":"1761690601-124537986","line":624,"new":null,"old":null}
{"run_id":"1761690601-124537986","line":663,"new":null,"old":null}
{"run_id":"1761690601-124537986","line":339,"new":null,"old":null}
{"run_id":"1761690601-124537986","line":594,"new":null,"old":null}
{"run_id":"1761690601-124537986","line":530,"new":null,"old":null}
{"run_id":"1761690601-124537986","line":567,"new":null,"old":null}
{"run_id":"1761690858-786052972","line":663,"new":null,"old":null}
{"run_id":"1761690858-786052972","line":624,"new":null,"old":null}
{"run_id":"1761690858-786052972","line":567,"new":null,"old":null}
{"run_id":"1761690858-786052972","line":339,"new":null,"old":null}
{"run_id":"1761690858-786052972","line":530,"new":null,"old":null}
{"run_id":"1761690858-786052972","line":594,"new":null,"old":null}
{"run_id":"1761690858-786052972","line":493,"new":{"module_name":"singularity_code_analysis__metrics__halstead__tests","snapshot_name":"mozjs_operators_and_operands","metadata":{"source":"packages/singularity-code-analysis/src/metrics/halstead.rs","assertion_line":493,"expression":"metric.halstead"},"snapshot":"{\n  \"n1\": 10.0,\n  \"N1\": 26.0,\n  \"n2\": 6.0,\n  \"N2\": 14.0,\n  \"length\": 40.0,\n  \"estimated_program_length\": 48.72905595320056,\n  \"purity_ratio\": 1.218226398830014,\n  \"vocabulary\": 16.0,\n  \"volume\": 160.0,\n  \"difficulty\": 11.666666666666666,\n  \"level\": 0.08571428571428572,\n  \"effort\": 1866.6666666666665,\n  \"time\": 103.7037037037037,\n  \"bugs\": 0.050534727339581954\n}"},"old":{"module_name":"singularity_code_analysis__metrics__halstead__tests","metadata":{},"snapshot":"{\n  \"n1\": 10.0,\n  \"N1\": 24.0,\n  \"n2\": 11.0,\n  \"N2\": 21.0,\n  \"length\": 45.0,\n  \"estimated_program_length\": 71.27302875388389,\n  \"purity_ratio\": 1.583845083419642,\n  \"vocabulary\": 21.0,\n  \"volume\": 197.65428402504423,\n  \"difficulty\": 9.545454545454545,\n  \"level\": 0.10476190476190476,\n  \"effort\": 1886.699983875422,\n  \"time\": 104.81666577085679,\n  \"bugs\": 0.05089564733125986\n}"}}
{"run_id":"1761690858-786052972","line":456,"new":{"module_name":"singularity_code_analysis__metrics__halstead__tests","snapshot_name":"javascript_operators_and_operands","metadata":{"source":"packages/singularity-code-analysis/src/metrics/halstead.rs","assertion_line":456,"expression":"metric.halstead"},"snapshot":"{\n  \"n1\": 10.0,\n  \"N1\": 26.0,\n  \"n2\": 6.0,\n  \"N2\": 14.0,\n  \"length\": 40.0,\n  \"estimated_program_length\": 48.72905595320056,\n  \"purity_ratio\": 1.218226398830014,\n  \"vocabulary\": 16.0,\n  \"volume\": 160.0,\n  \"difficulty\": 11.666666666666666,\n  \"level\": 0.08571428571428572,\n  \"effort\": 1866.6666666666665,\n  \"time\": 103.7037037037037,\n  \"bugs\": 0.050534727339581954\n}"},"old":{"module_name":"singularity_code_analysis__metrics__halstead__tests","metadata":{},"snapshot":"{\n  \"n1\": 10.0,\n  \"N1\": 24.0,\n  \"n2\": 11.0,\n  \"N2\": 21.0,\n  \"length\": 45.0,\n  \"estimated_program_length\": 71.27302875388389,\n  \"purity_ratio\": 1.583845083419642,\n  \"vocabulary\": 21.0,\n  \"volume\": 197.65428402504423,\n  \"difficulty\": 9.545454545454545,\n  \"level\": 0.10476190476190476,\n  \"effort\": 1886.699983875422,\n  \"time\": 104.81666577085679,\n  \"bugs\": 0.05089564733125986\n}"}}
{"run_id":"1761691443-195689724","line":663,"new":null,"old":null}
{"run_id":"1761691443-195689724","line":624,"new":null,"old":null}
{"run_id":"1761691443-195689724","line":339,"new":null,"old":null}
{"run_id":"1761691443-195689724","line":594,"new":null,"old":null}
{"run_id":"1761691443-195689724","line":567,"new":null,"old":null}
{"run_id":"1761691443-195689724","line":530,"new":null,"old":null}
{"run_id":"1761691443-195689724","line":493,"new":{"module_name":"singularity_code_analysis__metrics__halstead__tests","snapshot_name":"mozjs_operators_and_operands","metadata":{"source":"packages/singularity-code-analysis/src/metrics/halstead.rs","assertion_line":493,"expression":"metric.halstead"},"snapshot":"{\n  \"n1\": 10.0,\n  \"N1\": 26.0,\n  \"n2\": 6.0,\n  \"N2\": 14.0,\n  \"length\": 40.0,\n  \"estimated_program_length\": 48.72905595320056,\n  \"purity_ratio\": 1.218226398830014,\n  \"vocabulary\": 16.0,\n  \"volume\": 160.0,\n  \"difficulty\": 11.666666666666666,\n  \"level\": 0.08571428571428572,\n  \"effort\": 1866.6666666666665,\n  \"time\": 103.7037037037037,\n  \"bugs\": 0.050534727339581954\n}"},"old":{"module_name":"singularity_code_analysis__metrics__halstead__tests","metadata":{},"snapshot":"{\n  \"n1\": 10.0,\n  \"N1\": 24.0,\n  \"n2\": 11.0,\n  \"N2\": 21.0,\n  \"length\": 45.0,\n  \"estimated_program_length\": 71.27302875388389,\n  \"purity_ratio\": 1.583845083419642,\n  \"vocabulary\": 21.0,\n  \"volume\": 197.65428402504423,\n  \"difficulty\": 9.545454545454545,\n  \"level\": 0.10476190476190476,\n  \"effort\": 1886.699983875422,\n  \"time\": 104.81666577085679,\n  \"bugs\": 0.05089564733125986\n}"}}
{"run_id":"1761691443-195689724","line":456,"new":{"module_name":"singularity_code_analysis__metrics__halstead__tests","snapshot_name":"javascript_operators_and_operands","metadata":{"source":"packages/singularity-code-analysis/src/metrics/halstead.rs","assertion_line":456,"expression":"metric.halstead"},"snapshot":"{\n  \"n1\": 10.0,\n  \"N1\": 26.0,\n  \"n2\": 6.0,\n  \"N2\": 14.0,\n  \"length\": 40.0,\n  \"estimated_program_length\": 48.72905595320056,\n  \"purity_ratio\": 1.218226398830014,\n  \"vocabulary\": 16.0,\n  \"volume\": 160.0,\n  \"difficulty\": 11.666666666666666,\n  \"level\": 0.08571428571428572,\n  \"effort\": 1866.6666666666665,\n  \"time\": 103.7037037037037,\n  \"bugs\": 0.050534727339581954\n}"},"old":{"module_name":"singularity_code_analysis__metrics__halstead__tests","metadata":{},"snapshot":"{\n  \"n1\": 10.0,\n  \"N1\": 24.0,\n  \"n2\": 11.0,\n  \"N2\": 21.0,\n  \"length\": 45.0,\n  \"estimated_program_length\": 71.27302875388389,\n  \"purity_ratio\": 1.583845083419642,\n  \"vocabulary\": 21.0,\n  \"volume\": 197.65428402504423,\n  \"difficulty\": 9.545454545454545,\n  \"level\": 0.10476190476190476,\n  \"effort\": 1886.699983875422,\n  \"time\": 104.81666577085679,\n  \"bugs\": 0.05089564733125986\n}"}}
{"run_id":"1761691454-42514804","line":663,"new":null,"old":null}
{"run_id":"1761691454-42514804","line":624,"new":null,"old":null}
{"run_id":"1761691454-42514804","line":594,"new":null,"old":null}
{"run_id":"1761691454-42514804","line":567,"new":null,"old":null}
{"run_id":"1761691454-42514804","line":339,"new":null,"old":null}
{"run_id":"1761691454-42514804","line":530,"new":null,"old":null}
{"run_id":"1761691454-42514804","line":456,"new":{"module_name":"singularity_code_analysis__metrics__halstead__tests","snapshot_name":"javascript_operators_and_operands","metadata":{"source":"packages/singularity-code-analysis/src/metrics/halstead.rs","assertion_line":456,"expression":"metric.halstead"},"snapshot":"{\n  \"n1\": 10.0,\n  \"N1\": 26.0,\n  \"n2\": 6.0,\n  \"N2\": 14.0,\n  \"length\": 40.0,\n  \"estimated_program_length\": 48.72905595320056,\n  \"purity_ratio\": 1.218226398830014,\n  \"vocabulary\": 16.0,\n  \"volume\": 160.0,\n  \"difficulty\": 11.666666666666666,\n  \"level\": 0.08571428571428572,\n  \"effort\": 1866.6666666666665,\n  \"time\": 103.7037037037037,\n  \"bugs\": 0.050534727339581954\n}"},"old":{"module_name":"singularity_code_analysis__metrics__halstead__tests","metadata":{},"snapshot":"{\n  \"n1\": 10.0,\n  \"N1\": 24.0,\n  \"n2\": 11.0,\n  \"N2\": 21.0,\n  \"length\": 45.0,\n  \"estimated_program_length\": 71.27302875388389,\n  \"purity_ratio\": 1.583845083419642,\n  \"vocabulary\": 21.0,\n  \"volume\": 197.65428402504423,\n  \"difficulty\": 9.545454545454545,\n  \"level\": 0.10476190476190476,\n  \"effort\": 1886.699983875422,\n  \"time\": 104.81666577085679,\n  \"bugs\": 0.05089564733125986\n}"}}
{"run_id":"1761691454-42514804","line":493,"new":{"module_name":"singularity_code_analysis__metrics__halstead__tests","snapshot_name":"mozjs_operators_and_operands","metadata":{"source":"packages/singularity-code-analysis/src/metrics/halstead.rs","assertion_line":493,"expression":"metric.halstead"},"snapshot":"{\n  \"n1\": 10.0,\n  \"N1\": 26.0,\n  \"n2\": 6.0,\n  \"N2\": 14.0,\n  \"length\": 40.0,\n  \"estimated_program_length\": 48.72905595320056,\n  \"purity_ratio\": 1.218226398830014,\n  \"vocabulary\": 16.0,\n  \"volume\": 160.0,\n  \"difficulty\": 11.666666666666666,\n  \"level\": 0.08571428571428572,\n  \"effort\": 1866.6666666666665,\n  \"time\": 103.7037037037037,\n  \"bugs\": 0.050534727339581954\n}"},"old":{"module_name":"singularity_code_analysis__metrics__halstead__tests","metadata":{},"snapshot":"{\n  \"n1\": 10.0,\n  \"N1\": 24.0,\n  \"n2\": 11.0,\n  \"N2\": 21.0,\n  \"length\": 45.0,\n  \"estimated_program_length\": 71.27302875388389,\n  \"purity_ratio\": 1.583845083419642,\n  \"vocabulary\": 21.0,\n  \"volume\": 197.65428402504423,\n  \"difficulty\": 9.545454545454545,\n  \"level\": 0.10476190476190476,\n  \"effort\": 1886.699983875422,\n  \"time\": 104.81666577085679,\n  \"bugs\": 0.05089564733125986\n}"}}
{"run_id":"1761691890-590891511","line":683,"new":null,"old":null}
{"run_id":"1761691890-590891511","line":644,"new":null,"old":null}
{"run_id":"1761691890-590891511","line":359,"new":null,"old":null}
{"run_id":"1761691890-590891511","line":614,"new":null,"old":null}
{"run_id":"1761691890-590891511","line":550,"new":null,"old":null}
{"run_id":"1761691890-590891511","line":587,"new":null,"old":null}
{"run_id":"1761691890-590891511","line":403,"new":{"module_name":"singularity_code_analysis__metrics__halstead__tests","snapshot_name":"cpp_operators_and_operands","metadata":{"source":"packages/singularity-code-analysis/src/metrics/halstead.rs","assertion_line":403,"expression":"metric.halstead"},"snapshot":"{\n  \"n1\": 0.0,\n  \"N1\": 0.0,\n  \"n2\": 0.0,\n  \"N2\": 0.0,\n  \"length\": 0.0,\n  \"estimated_program_length\": null,\n  \"purity_ratio\": null,\n  \"vocabulary\": 0.0,\n  \"volume\": null,\n  \"difficulty\": null,\n  \"level\": null,\n  \"effort\": null,\n  \"time\": null,\n  \"bugs\": null\n}"},"old":{"module_name":"singularity_code_analysis__metrics__halstead__tests","metadata":{},"snapshot":"{\n  \"n1\": 9.0,\n  \"N1\": 24.0,\n  \"n2\": 10.0,\n  \"N2\": 18.0,\n  \"length\": 42.0,\n  \"estimated_program_length\": 61.74860596185444,\n  \"purity_ratio\": 1.470204903853677,\n  \"vocabulary\": 19.0,\n  \"volume\": 178.41295556463058,\n  \"difficulty\": 8.1,\n  \"level\": 0.1234567901234568,\n  \"effort\": 1445.1449400735075,\n  \"time\": 80.28583000408375,\n  \"bugs\": 0.04260752914034329\n}"}}
{"run_id":"1761691890-590891511","line":476,"new":{"module_name":"singularity_code_analysis__metrics__halstead__tests","snapshot_name":"javascript_operators_and_operands","metadata":{"source":"packages/singularity-code-analysis/src/metrics/halstead.rs","assertion_line":476,"expression":"metric.halstead"},"snapshot":"{\n  \"n1\": 10.0,\n  \"N1\": 26.0,\n  \"n2\": 6.0,\n  \"N2\": 14.0,\n  \"length\": 40.0,\n  \"estimated_program_length\": 48.72905595320056,\n  \"purity_ratio\": 1.218226398830014,\n  \"vocabulary\": 16.0,\n  \"volume\": 160.0,\n  \"difficulty\": 11.666666666666666,\n  \"level\": 0.08571428571428572,\n  \"effort\": 1866.6666666666665,\n  \"time\": 103.7037037037037,\n  \"bugs\": 0.050534727339581954\n}"},"old":{"module_name":"singularity_code_analysis__metrics__halstead__tests","metadata":{},"snapshot":"{\n  \"n1\": 10.0,\n  \"N1\": 24.0,\n  \"n2\": 11.0,\n  \"N2\": 21.0,\n  \"length\": 45.0,\n  \"estimated_program_length\": 71.27302875388389,\n  \"purity_ratio\": 1.583845083419642,\n  \"vocabulary\": 21.0,\n  \"volume\": 197.65428402504423,\n  \"difficulty\": 9.545454545454545,\n  \"level\": 0.10476190476190476,\n  \"effort\": 1886.699983875422,\n  \"time\": 104.81666577085679,\n  \"bugs\": 0.05089564733125986\n}"}}
{"run_id":"1761691890-590891511","line":513,"new":{"module_name":"singularity_code_analysis__metrics__halstead__tests","snapshot_name":"mozjs_operators_and_operands","metadata":{"source":"packages/singularity-code-analysis/src/metrics/halstead.rs","assertion_line":513,"expression":"metric.halstead"},"snapshot":"{\n  \"n1\": 10.0,\n  \"N1\": 26.0,\n  \"n2\": 6.0,\n  \"N2\": 14.0,\n  \"length\": 40.0,\n  \"estimated_program_length\": 48.72905595320056,\n  \"purity_ratio\": 1.218226398830014,\n  \"vocabulary\": 16.0,\n  \"volume\": 160.0,\n  \"difficulty\": 11.666666666666666,\n  \"level\": 0.08571428571428572,\n  \"effort\": 1866.6666666666665,\n  \"time\": 103.7037037037037,\n  \"bugs\": 0.050534727339581954\n}"},"old":{"module_name":"singularity_code_analysis__metrics__halstead__tests","metadata":{},"snapshot":"{\n  \"n1\": 10.0,\n  \"N1\": 24.0,\n  \"n2\": 11.0,\n  \"N2\": 21.0,\n  \"length\": 45.0,\n  \"estimated_program_length\": 71.27302875388389,\n  \"purity_ratio\": 1.583845083419642,\n  \"vocabulary\": 21.0,\n  \"volume\": 197.65428402504423,\n  \"difficulty\": 9.545454545454545,\n  \"level\": 0.10476190476190476,\n  \"effort\": 1886.699983875422,\n  \"time\": 104.81666577085679,\n  \"bugs\": 0.05089564733125986\n}"}}
{"run_id":"1761691890-590891511","line":439,"new":{"module_name":"singularity_code_analysis__metrics__halstead__tests","snapshot_name":"rust_operators_and_operands","metadata":{"source":"packages/singularity-code-analysis/src/metrics/halstead.rs","assertion_line":439,"expression":"metric.halstead"},"snapshot":"{\n  \"n1\": 0.0,\n  \"N1\": 0.0,\n  \"n2\": 0.0,\n  \"N2\": 0.0,\n  \"length\": 0.0,\n  \"estimated_program_length\": null,\n  \"purity_ratio\": null,\n  \"vocabulary\": 0.0,\n  \"volume\": null,\n  \"difficulty\": null,\n  \"level\": null,\n  \"effort\": null,\n  \"time\": null,\n  \"bugs\": null\n}"},"old":{"module_name":"singularity_code_analysis__metrics__halstead__tests","metadata":{},"snapshot":"{\n  \"n1\": 10.0,\n  \"N1\": 23.0,\n  \"n2\": 9.0,\n  \"N2\": 15.0,\n  \"length\": 38.0,\n  \"estimated_program_length\": 61.74860596185444,\n  \"purity_ratio\": 1.624963314785643,\n  \"vocabulary\": 19.0,\n  \"volume\": 161.42124551085624,\n  \"difficulty\": 8.333333333333334,\n  \"level\": 0.12,\n  \"effort\": 1345.177045923802,\n  \"time\": 74.7320581068779,\n  \"bugs\": 0.040619232256751396\n}"}}
{"run_id":"1761694902-501238837","line":653,"new":null,"old":null}
{"run_id":"1761694902-501238837","line":412,"new":{"module_name":"singularity_code_analysis__metrics__halstead__tests","snapshot_name":"cpp_operators_and_operands","metadata":{"source":"packages/singularity-code-analysis/src/metrics/halstead.rs","assertion_line":412,"expression":"metric.halstead"},"snapshot":"{\n  \"n1\": 0.0,\n  \"N1\": 0.0,\n  \"n2\": 0.0,\n  \"N2\": 0.0,\n  \"length\": 0.0,\n  \"estimated_program_length\": null,\n  \"purity_ratio\": null,\n  \"vocabulary\": 0.0,\n  \"volume\": null,\n  \"difficulty\": null,\n  \"level\": null,\n  \"effort\": null,\n  \"time\": null,\n  \"bugs\": null\n}"},"old":{"module_name":"singularity_code_analysis__metrics__halstead__tests","metadata":{},"snapshot":"{\n  \"n1\": 9.0,\n  \"N1\": 24.0,\n  \"n2\": 10.0,\n  \"N2\": 18.0,\n  \"length\": 42.0,\n  \"estimated_program_length\": 61.74860596185444,\n  \"purity_ratio\": 1.470204903853677,\n  \"vocabulary\": 19.0,\n  \"volume\": 178.41295556463058,\n  \"difficulty\": 8.1,\n  \"level\": 0.1234567901234568,\n  \"effort\": 1445.1449400735075,\n  \"time\": 80.28583000408375,\n  \"bugs\": 0.04260752914034329\n}"}}
{"run_id":"1761694902-501238837","line":368,"new":null,"old":null}
{"run_id":"1761694902-501238837","line":623,"new":null,"old":null}
{"run_id":"1761694902-501238837","line":596,"new":null,"old":null}
{"run_id":"1761694902-501238837","line":559,"new":null,"old":null}
{"run_id":"1761694902-501238837","line":485,"new":{"module_name":"singularity_code_analysis__metrics__halstead__tests","snapshot_name":"javascript_operators_and_operands","metadata":{"source":"packages/singularity-code-analysis/src/metrics/halstead.rs","assertion_line":485,"expression":"metric.halstead"},"snapshot":"{\n  \"n1\": 10.0,\n  \"N1\": 26.0,\n  \"n2\": 6.0,\n  \"N2\": 14.0,\n  \"length\": 40.0,\n  \"estimated_program_length\": 48.72905595320056,\n  \"purity_ratio\": 1.218226398830014,\n  \"vocabulary\": 16.0,\n  \"volume\": 160.0,\n  \"difficulty\": 11.666666666666666,\n  \"level\": 0.08571428571428572,\n  \"effort\": 1866.6666666666665,\n  \"time\": 103.7037037037037,\n  \"bugs\": 0.050534727339581954\n}"},"old":{"module_name":"singularity_code_analysis__metrics__halstead__tests","metadata":{},"snapshot":"{\n  \"n1\": 10.0,\n  \"N1\": 24.0,\n  \"n2\": 11.0,\n  \"N2\": 21.0,\n  \"length\": 45.0,\n  \"estimated_program_length\": 71.27302875388389,\n  \"purity_ratio\": 1.583845083419642,\n  \"vocabulary\": 21.0,\n  \"volume\": 197.65428402504423,\n  \"difficulty\": 9.545454545454545,\n  \"level\": 0.10476190476190476,\n  \"effort\": 1886.699983875422,\n  \"time\": 104.81666577085679,\n  \"bugs\": 0.05089564733125986\n}"}}
{"run_id":"1761694902-501238837","line":522,"new":{"module_name":"singularity_code_analysis__metrics__halstead__tests","snapshot_name":"mozjs_operators_and_operands","metadata":{"source":"packages/singularity-code-analysis/src/metrics/halstead.rs","assertion_line":522,"expression":"metric.halstead"},"snapshot":"{\n  \"n1\": 10.0,\n  \"N1\": 26.0,\n  \"n2\": 6.0,\n  \"N2\": 14.0,\n  \"length\": 40.0,\n  \"estimated_program_length\": 48.72905595320056,\n  \"purity_ratio\": 1.218226398830014,\n  \"vocabulary\": 16.0,\n  \"volume\": 160.0,\n  \"difficulty\": 11.666666666666666,\n  \"level\": 0.08571428571428572,\n  \"effort\": 1866.6666666666665,\n  \"time\": 103.7037037037037,\n  \"bugs\": 0.050534727339581954\n}"},"old":{"module_name":"singularity_code_analysis__metrics__halstead__tests","metadata":{},"snapshot":"{\n  \"n1\": 10.0,\n  \"N1\": 24.0,\n  \"n2\": 11.0,\n  \"N2\": 21.0,\n  \"length\": 45.0,\n  \"estimated_program_length\": 71.27302875388389,\n  \"purity_ratio\": 1.583845083419642,\n  \"vocabulary\": 21.0,\n  \"volume\": 197.65428402504423,\n  \"difficulty\": 9.545454545454545,\n  \"level\": 0.10476190476190476,\n  \"effort\": 1886.699983875422,\n  \"time\": 104.81666577085679,\n  \"bugs\": 0.05089564733125986\n}"}}
{"run_id":"1761694902-501238837","line":692,"new":{"module_name":"singularity_code_analysis__metrics__halstead__tests","snapshot_name":"java_operators_and_operands","metadata":{"source":"packages/singularity-code-analysis/src/metrics/halstead.rs","assertion_line":692,"expression":"metric.halstead"},"snapshot":"{\n  \"n1\": 0.0,\n  \"N1\": 0.0,\n  \"n2\": 0.0,\n  \"N2\": 0.0,\n  \"length\": 0.0,\n  \"estimated_program_length\": null,\n  \"purity_ratio\": null,\n  \"vocabulary\": 0.0,\n  \"volume\": null,\n  \"difficulty\": null,\n  \"level\": null,\n  \"effort\": null,\n  \"time\": null,\n  \"bugs\": null\n}"},"old":{"module_name":"singularity_code_analysis__metrics__halstead__tests","metadata":{},"snapshot":"{\n  \"n1\": 10.0,\n  \"N1\": 25.0,\n  \"n2\": 12.0,\n  \"N2\": 22.0,\n  \"length\": 47.0,\n  \"estimated_program_length\": 76.2388309575275,\n  \"purity_ratio\": 1.6221027863303723,\n  \"vocabulary\": 22.0,\n  \"volume\": 209.59328607595296,\n  \"difficulty\": 9.166666666666666,\n  \"level\": 0.1090909090909091,\n  \"effort\": 1921.2717890295687,\n  \"time\": 106.73732161275382,\n  \"bugs\": 0.05151550353617788\n}"}}
{"run_id":"1761694902-501238837","line":448,"new":{"module_name":"singularity_code_analysis__metrics__halstead__tests","snapshot_name":"rust_operators_and_operands","metadata":{"source":"packages/singularity-code-analysis/src/metrics/halstead.rs","assertion_line":448,"expression":"metric.halstead"},"snapshot":"{\n  \"n1\": 9.0,\n  \"N1\": 22.0,\n  \"n2\": 6.0,\n  \"N2\": 10.0,\n  \"length\": 32.0,\n  \"estimated_program_length\": 44.039100017307746,\n  \"purity_ratio\": 1.376221875540867,\n  \"vocabulary\": 15.0,\n  \"volume\": 125.0204990594726,\n  \"difficulty\": 7.5,\n  \"level\": 0.13333333333333333,\n  \"effort\": 937.6537429460445,\n  \"time\": 52.091874608113585,\n  \"bugs\": 0.03193305039268938\n}"},"old":{"module_name":"singularity_code_analysis__metrics__halstead__tests","metadata":{},"snapshot":"{\n  \"n1\": 10.0,\n  \"N1\": 23.0,\n  \"n2\": 9.0,\n  \"N2\": 15.0,\n  \"length\": 38.0,\n  \"estimated_program_length\": 61.74860596185444,\n  \"purity_ratio\": 1.624963314785643,\n  \"vocabulary\": 19.0,\n  \"volume\": 161.42124551085624,\n  \"difficulty\": 8.333333333333334,\n  \"level\": 0.12,\n  \"effort\": 1345.177045923802,\n  \"time\": 74.7320581068779,\n  \"bugs\": 0.040619232256751396\n}"}}
{"run_id":"1761694917-904262134","line":653,"new":null,"old":null}
{"run_id":"1761694917-904262134","line":368,"new":null,"old":null}
{"run_id":"1761694917-904262134","line":623,"new":null,"old":null}
{"run_id":"1761694917-904262134","line":596,"new":null,"old":null}
{"run_id":"1761694917-904262134","line":559,"new":null,"old":null}
{"run_id":"1761694917-904262134","line":412,"new":{"module_name":"singularity_code_analysis__metrics__halstead__tests","snapshot_name":"cpp_operators_and_operands","metadata":{"source":"packages/singularity-code-analysis/src/metrics/halstead.rs","assertion_line":412,"expression":"metric.halstead"},"snapshot":"{\n  \"n1\": 0.0,\n  \"N1\": 0.0,\n  \"n2\": 0.0,\n  \"N2\": 0.0,\n  \"length\": 0.0,\n  \"estimated_program_length\": null,\n  \"purity_ratio\": null,\n  \"vocabulary\": 0.0,\n  \"volume\": null,\n  \"difficulty\": null,\n  \"level\": null,\n  \"effort\": null,\n  \"time\": null,\n  \"bugs\": null\n}"},"old":{"module_name":"singularity_code_analysis__metrics__halstead__tests","metadata":{},"snapshot":"{\n  \"n1\": 9.0,\n  \"N1\": 24.0,\n  \"n2\": 10.0,\n  \"N2\": 18.0,\n  \"length\": 42.0,\n  \"estimated_program_length\": 61.74860596185444,\n  \"purity_ratio\": 1.470204903853677,\n  \"vocabulary\": 19.0,\n  \"volume\": 178.41295556463058,\n  \"difficulty\": 8.1,\n  \"level\": 0.1234567901234568,\n  \"effort\": 1445.1449400735075,\n  \"time\": 80.28583000408375,\n  \"bugs\": 0.04260752914034329\n}"}}
{"run_id":"1761694917-904262134","line":485,"new":{"module_name":"singularity_code_analysis__metrics__halstead__tests","snapshot_name":"javascript_operators_and_operands","metadata":{"source":"packages/singularity-code-analysis/src/metrics/halstead.rs","assertion_line":485,"expression":"metric.halstead"},"snapshot":"{\n  \"n1\": 10.0,\n  \"N1\": 26.0,\n  \"n2\": 6.0,\n  \"N2\": 14.0,\n  \"length\": 40.0,\n  \"estimated_program_length\": 48.72905595320056,\n  \"purity_ratio\": 1.218226398830014,\n  \"vocabulary\": 16.0,\n  \"volume\": 160.0,\n  \"difficulty\": 11.666666666666666,\n  \"level\": 0.08571428571428572,\n  \"effort\": 1866.6666666666665,\n  \"time\": 103.7037037037037,\n  \"bugs\": 0.050534727339581954\n}"},"old":{"module_name":"singularity_code_analysis__metrics__halstead__tests","metadata":{},"snapshot":"{\n  \"n1\": 10.0,\n  \"N1\": 24.0,\n  \"n2\": 11.0,\n  \"N2\": 21.0,\n  \"length\": 45.0,\n  \"estimated_program_length\": 71.27302875388389,\n  \"purity_ratio\": 1.583845083419642,\n  \"vocabulary\": 21.0,\n  \"volume\": 197.65428402504423,\n  \"difficulty\": 9.545454545454545,\n  \"level\": 0.10476190476190476,\n  \"effort\": 1886.699983875422,\n  \"time\": 104.81666577085679,\n  \"bugs\": 0.05089564733125986\n}"}}
{"run_id":"1761694917-904262134","line":692,"new":{"module_name":"singularity_code_analysis__metrics__halstead__tests","snapshot_name":"java_operators_and_operands","metadata":{"source":"packages/singularity-code-analysis/src/metrics/halstead.rs","assertion_line":692,"expression":"metric.halstead"},"snapshot":"{\n  \"n1\": 0.0,\n  \"N1\": 0.0,\n  \"n2\": 0.0,\n  \"N2\": 0.0,\n  \"length\": 0.0,\n  \"estimated_program_length\": null,\n  \"purity_ratio\": null,\n  \"vocabulary\": 0.0,\n  \"volume\": null,\n  \"difficulty\": null,\n  \"level\": null,\n  \"effort\": null,\n  \"time\": null,\n  \"bugs\": null\n}"},"old":{"module_name":"singularity_code_analysis__metrics__halstead__tests","metadata":{},"snapshot":"{\n  \"n1\": 10.0,\n  \"N1\": 25.0,\n  \"n2\": 12.0,\n  \"N2\": 22.0,\n  \"length\": 47.0,\n  \"estimated_program_length\": 76.2388309575275,\n  \"purity_ratio\": 1.6221027863303723,\n  \"vocabulary\": 22.0,\n  \"volume\": 209.59328607595296,\n  \"difficulty\": 9.166666666666666,\n  \"level\": 0.1090909090909091,\n  \"effort\": 1921.2717890295687,\n  \"time\": 106.73732161275382,\n  \"bugs\": 0.05151550353617788\n}"}}
{"run_id":"1761694917-904262134","line":448,"new":{"module_name":"singularity_code_analysis__metrics__halstead__tests","snapshot_name":"rust_operators_and_operands","metadata":{"source":"packages/singularity-code-analysis/src/metrics/halstead.rs","assertion_line":448,"expression":"metric.halstead"},"snapshot":"{\n  \"n1\": 9.0,\n  \"N1\": 22.0,\n  \"n2\": 6.0,\n  \"N2\": 10.0,\n  \"length\": 32.0,\n  \"estimated_program_length\": 44.039100017307746,\n  \"purity_ratio\": 1.376221875540867,\n  \"vocabulary\": 15.0,\n  \"volume\": 125.0204990594726,\n  \"difficulty\": 7.5,\n  \"level\": 0.13333333333333333,\n  \"effort\": 937.6537429460445,\n  \"time\": 52.091874608113585,\n  \"bugs\": 0.03193305039268938\n}"},"old":{"module_name":"singularity_code_analysis__metrics__halstead__tests","metadata":{},"snapshot":"{\n  \"n1\": 10.0,\n  \"N1\": 23.0,\n  \"n2\": 9.0,\n  \"N2\": 15.0,\n  \"length\": 38.0,\n  \"estimated_program_length\": 61.74860596185444,\n  \"purity_ratio\": 1.624963314785643,\n  \"vocabulary\": 19.0,\n  \"volume\": 161.42124551085624,\n  \"difficulty\": 8.333333333333334,\n  \"level\": 0.12,\n  \"effort\": 1345.177045923802,\n  \"time\": 74.7320581068779,\n  \"bugs\": 0.040619232256751396\n}"}}
{"run_id":"1761694917-904262134","line":522,"new":{"module_name":"singularity_code_analysis__metrics__halstead__tests","snapshot_name":"mozjs_operators_and_operands","metadata":{"source":"packages/singularity-code-analysis/src/metrics/halstead.rs","assertion_line":522,"expression":"metric.halstead"},"snapshot":"{\n  \"n1\": 10.0,\n  \"N1\": 26.0,\n  \"n2\": 6.0,\n  \"N2\": 14.0,\n  \"length\": 40.0,\n  \"estimated_program_length\": 48.72905595320056,\n  \"purity_ratio\": 1.218226398830014,\n  \"vocabulary\": 16.0,\n  \"volume\": 160.0,\n  \"difficulty\": 11.666666666666666,\n  \"level\": 0.08571428571428572,\n  \"effort\": 1866.6666666666665,\n  \"time\": 103.7037037037037,\n  \"bugs\": 0.050534727339581954\n}"},"old":{"module_name":"singularity_code_analysis__metrics__halstead__tests","metadata":{},"snapshot":"{\n  \"n1\": 10.0,\n  \"N1\": 24.0,\n  \"n2\": 11.0,\n  \"N2\": 21.0,\n  \"length\": 45.0,\n  \"estimated_program_length\": 71.27302875388389,\n  \"purity_ratio\": 1.583845083419642,\n  \"vocabulary\": 21.0,\n  \"volume\": 197.65428402504423,\n  \"difficulty\": 9.545454545454545,\n  \"level\": 0.10476190476190476,\n  \"effort\": 1886.699983875422,\n  \"time\": 104.81666577085679,\n  \"bugs\": 0.05089564733125986\n}"}}
{"run_id":"1761694923-945243395","line":653,"new":null,"old":null}
{"run_id":"1761694923-945243395","line":623,"new":null,"old":null}
{"run_id":"1761694923-945243395","line":368,"new":null,"old":null}
{"run_id":"1761694923-945243395","line":596,"new":null,"old":null}
{"run_id":"1761694923-945243395","line":559,"new":null,"old":null}
{"run_id":"1761694923-945243395","line":412,"new":{"module_name":"singularity_code_analysis__metrics__halstead__tests","snapshot_name":"cpp_operators_and_operands","metadata":{"source":"packages/singularity-code-analysis/src/metrics/halstead.rs","assertion_line":412,"expression":"metric.halstead"},"snapshot":"{\n  \"n1\": 0.0,\n  \"N1\": 0.0,\n  \"n2\": 0.0,\n  \"N2\": 0.0,\n  \"length\": 0.0,\n  \"estimated_program_length\": null,\n  \"purity_ratio\": null,\n  \"vocabulary\": 0.0,\n  \"volume\": null,\n  \"difficulty\": null,\n  \"level\": null,\n  \"effort\": null,\n  \"time\": null,\n  \"bugs\": null\n}"},"old":{"module_name":"singularity_code_analysis__metrics__halstead__tests","metadata":{},"snapshot":"{\n  \"n1\": 9.0,\n  \"N1\": 24.0,\n  \"n2\": 10.0,\n  \"N2\": 18.0,\n  \"length\": 42.0,\n  \"estimated_program_length\": 61.74860596185444,\n  \"purity_ratio\": 1.470204903853677,\n  \"vocabulary\": 19.0,\n  \"volume\": 178.41295556463058,\n  \"difficulty\": 8.1,\n  \"level\": 0.1234567901234568,\n  \"effort\": 1445.1449400735075,\n  \"time\": 80.28583000408375,\n  \"bugs\": 0.04260752914034329\n}"}}
{"run_id":"1761694923-945243395","line":485,"new":{"module_name":"singularity_code_analysis__metrics__halstead__tests","snapshot_name":"javascript_operators_and_operands","metadata":{"source":"packages/singularity-code-analysis/src/metrics/halstead.rs","assertion_line":485,"expression":"metric.halstead"},"snapshot":"{\n  \"n1\": 10.0,\n  \"N1\": 26.0,\n  \"n2\": 6.0,\n  \"N2\": 14.0,\n  \"length\": 40.0,\n  \"estimated_program_length\": 48.72905595320056,\n  \"purity_ratio\": 1.218226398830014,\n  \"vocabulary\": 16.0,\n  \"volume\": 160.0,\n  \"difficulty\": 11.666666666666666,\n  \"level\": 0.08571428571428572,\n  \"effort\": 1866.6666666666665,\n  \"time\": 103.7037037037037,\n  \"bugs\": 0.050534727339581954\n}"},"old":{"module_name":"singularity_code_analysis__metrics__halstead__tests","metadata":{},"snapshot":"{\n  \"n1\": 10.0,\n  \"N1\": 24.0,\n  \"n2\": 11.0,\n  \"N2\": 21.0,\n  \"length\": 45.0,\n  \"estimated_program_length\": 71.27302875388389,\n  \"purity_ratio\": 1.583845083419642,\n  \"vocabulary\": 21.0,\n  \"volume\": 197.65428402504423,\n  \"difficulty\": 9.545454545454545,\n  \"level\": 0.10476190476190476,\n  \"effort\": 1886.699983875422,\n  \"time\": 104.81666577085679,\n  \"bugs\": 0.05089564733125986\n}"}}
{"run_id":"1761694923-945243395","line":692,"new":{"module_name":"singularity_code_analysis__metrics__halstead__tests","snapshot_name":"java_operators_and_operands","metadata":{"source":"packages/singularity-code-analysis/src/metrics/halstead.rs","assertion_line":692,"expression":"metric.halstead"},"snapshot":"{\n  \"n1\": 0.0,\n  \"N1\": 0.0,\n  \"n2\": 0.0,\n  \"N2\": 0.0,\n  \"length\": 0.0,\n  \"estimated_program_length\": null,\n  \"purity_ratio\": null,\n  \"vocabulary\": 0.0,\n  \"volume\": null,\n  \"difficulty\": null,\n  \"level\": null,\n  \"effort\": null,\n  \"time\": null,\n  \"bugs\": null\n}"},"old":{"module_name":"singularity_code_analysis__metrics__halstead__tests","metadata":{},"snapshot":"{\n  \"n1\": 10.0,\n  \"N1\": 25.0,\n  \"n2\": 12.0,\n  \"N2\": 22.0,\n  \"length\": 47.0,\n  \"estimated_program_length\": 76.2388309575275,\n  \"purity_ratio\": 1.6221027863303723,\n  \"vocabulary\": 22.0,\n  \"volume\": 209.59328607595296,\n  \"difficulty\": 9.166666666666666,\n  \"level\": 0.1090909090909091,\n  \"effort\": 1921.2717890295687,\n  \"time\": 106.73732161275382,\n  \"bugs\": 0.05151550353617788\n}"}}
{"run_id":"1761694923-945243395","line":522,"new":{"module_name":"singularity_code_analysis__metrics__halstead__tests","snapshot_name":"mozjs_operators_and_operands","metadata":{"source":"packages/singularity-code-analysis/src/metrics/halstead.rs","assertion_line":522,"expression":"metric.halstead"},"snapshot":"{\n  \"n1\": 10.0,\n  \"N1\": 26.0,\n  \"n2\": 6.0,\n  \"N2\": 14.0,\n  \"length\": 40.0,\n  \"estimated_program_length\": 48.72905595320056,\n  \"purity_ratio\": 1.218226398830014,\n  \"vocabulary\": 16.0,\n  \"volume\": 160.0,\n  \"difficulty\": 11.666666666666666,\n  \"level\": 0.08571428571428572,\n  \"effort\": 1866.6666666666665,\n  \"time\": 103.7037037037037,\n  \"bugs\": 0.050534727339581954\n}"},"old":{"module_name":"singularity_code_analysis__metrics__halstead__tests","metadata":{},"snapshot":"{\n  \"n1\": 10.0,\n  \"N1\": 24.0,\n  \"n2\": 11.0,\n  \"N2\": 21.0,\n  \"length\": 45.0,\n  \"estimated_program_length\": 71.27302875388389,\n  \"purity_ratio\": 1.583845083419642,\n  \"vocabulary\": 21.0,\n  \"volume\": 197.65428402504423,\n  \"difficulty\": 9.545454545454545,\n  \"level\": 0.10476190476190476,\n  \"effort\": 1886.699983875422,\n  \"time\": 104.81666577085679,\n  \"bugs\": 0.05089564733125986\n}"}}
{"run_id":"1761694923-945243395","line":448,"new":{"module_name":"singularity_code_analysis__metrics__halstead__tests","snapshot_name":"rust_operators_and_operands","metadata":{"source":"packages/singularity-code-analysis/src/metrics/halstead.rs","assertion_line":448,"expression":"metric.halstead"},"snapshot":"{\n  \"n1\": 9.0,\n  \"N1\": 22.0,\n  \"n2\": 6.0,\n  \"N2\": 10.0,\n  \"length\": 32.0,\n  \"estimated_program_length\": 44.039100017307746,\n  \"purity_ratio\": 1.376221875540867,\n  \"vocabulary\": 15.0,\n  \"volume\": 125.0204990594726,\n  \"difficulty\": 7.5,\n  \"level\": 0.13333333333333333,\n  \"effort\": 937.6537429460445,\n  \"time\": 52.091874608113585,\n  \"bugs\": 0.03193305039268938\n}"},"old":{"module_name":"singularity_code_analysis__metrics__halstead__tests","metadata":{},"snapshot":"{\n  \"n1\": 10.0,\n  \"N1\": 23.0,\n  \"n2\": 9.0,\n  \"N2\": 15.0,\n  \"length\": 38.0,\n  \"estimated_program_length\": 61.74860596185444,\n  \"purity_ratio\": 1.624963314785643,\n  \"vocabulary\": 19.0,\n  \"volume\": 161.42124551085624,\n  \"difficulty\": 8.333333333333334,\n  \"level\": 0.12,\n  \"effort\": 1345.177045923802,\n  \"time\": 74.7320581068779,\n  \"bugs\": 0.040619232256751396\n}"}}
